// Jest Snapshot v1, https://goo.gl/fbAQLP

exports[`Loading Component renders component correctly 1`] = `
<div
  class="md:max-w-5xl"
>
  <svgr-mock
    classname="w-[90px] h-[90px] animate-spin mx-auto my-10 text-pink-600"
    data-testid="nonjs-spinner"
  />
  <p
    class="mb-12 text-2xl font-bold text-center"
  >
    Loading...
  </p>
</div>
`;
