// Jest Snapshot v1, https://goo.gl/fbAQLP

exports[`Real Time Summary component should render the component 1`] = `
<div>
  <div
    class="basis-4/12 md:mt-14"
  >
    <div
      class="border border-slate-400 rounded px-2 pt-6 pb-4 h-fit space-y-2"
      data-testid="summary-total"
    >
      <h6
        class="text-gray-800 font-bold text-xl pl-2 pb-2"
      >
        summaryTotal.title
      </h6>
      <div
        class="py-[22px] pl-4 pr-6 rounded text-lg grid grid-cols-3 bg-gray-100"
      >
        <p
          class="col-span-2 m-0"
          data-testid="paragraph"
        >
          summaryTotal.income
        </p>
        <span
          class="justify-self-end"
        >
          £1,000
        </span>
      </div>
      <div
        class="py-[22px] pl-4 pr-6 rounded text-lg grid grid-cols-3 bg-gray-100"
      >
        <p
          class="col-span-2 m-0"
          data-testid="paragraph"
        >
          summaryTotal.spending
        </p>
        <span
          class="justify-self-end"
        >
          £500
        </span>
      </div>
      <div
        class="py-[22px] pl-4 pr-6 rounded text-lg grid grid-cols-3 text-white bg-green-700"
      >
        <p
          class="col-span-2 m-0"
          data-testid="paragraph"
        >
          summaryTotal.balance
        </p>
        <span
          class="justify-self-end"
        >
          £500
        </span>
      </div>
    </div>
  </div>
</div>
`;
