// Jest Snapshot v1, https://goo.gl/fbAQLP

exports[`UnconfirmedPensionsCallout does not render when there are no unconfirmed pensions 1`] = `<div />`;

exports[`UnconfirmedPensionsCallout renders correctly when there are unconfirmed pensions 1`] = `
<div>
  <div
    class="relative min-h-[95px] rounded-bl-3xl before:content-[""] before:block before:h-[80px] before:w-[8px] before:absolute before:left-0 before:top-0 before:rounded-bl-[8px] bg-red-100 before:bg-red-700 p-8 pt-6 mt-10"
    data-testid="callout-negative"
  >
    <div
      class="flex items-center mb-4"
    >
      <svgr-mock
        classname="text-red-700 h-[30px] w-[30px]"
      />
      <h4
        class="text-xl md:text-2xl text-gray-800 font-bold ml-4"
      >
        Important
      </h4>
    </div>
    <div
      class="ml-12"
    >
      <p
        class="mb-0"
        data-testid="paragraph"
      >
        You have 5 pensions that need you to contact your pension provider. View pensions that need action.
      </p>
      <a
        class="inline-flex items-center gap-2 text-pink-600 visited:text-purple-700 focus:text-gray-800 focus:bg-yellow-200 focus:shadow-link-focus focus-within:outline-0 underline hover:no-underline focus:no-underline cursor-pointer active:text-gray-800 active:underline active:bg-transparent active:shadow-none"
        data-testid="need-action-link"
        href="/en/pensions-that-need-action"
      >
        Review pensions that need action
      </a>
    </div>
  </div>
</div>
`;
